============================= test session starts =============================
platform win32 -- Python 3.11.9, pytest-8.4.2, pluggy-1.6.0 -- C:\Users\chinm\AppData\Local\Programs\Python\Python311\python.exe
cachedir: .pytest_cache
rootdir: C:\Projects\dataset-analyzer\backend
plugins: anyio-3.7.1, hydra-core-1.3.2, mock-3.15.1
collecting ... collected 16 items

tests/test_detection.py::TestBasicDetection::test_produces_required_columns PASSED [  6%]
tests/test_detection.py::TestBasicDetection::test_detects_anomalies PASSED [ 12%]
tests/test_detection.py::TestBasicDetection::test_total_rows_matches PASSED [ 18%]
tests/test_detection.py::TestBasicDetection::test_deduplication PASSED   [ 25%]
tests/test_detection.py::TestBasicDetection::test_session_id_generated PASSED [ 31%]
tests/test_detection.py::TestSHAPExplainability::test_shap_payloads_populated_for_anomalies PASSED [ 37%]
tests/test_detection.py::TestVelocityEngine::test_velocity_columns_added PASSED [ 43%]
tests/test_detection.py::TestVelocityEngine::test_velocity_skipped_without_time PASSED [ 50%]
tests/test_detection.py::TestNLPBridge::test_structural_features_added PASSED [ 56%]
tests/test_detection.py::TestNLPBridge::test_tfidf_pca_fires_for_large_datasets PASSED [ 62%]
tests/test_detection.py::TestNLPBridge::test_tfidf_skipped_for_small_datasets PASSED [ 68%]
tests/test_detection.py::TestAIReasonGenerator::test_anomalies_have_reasons PASSED [ 75%]
tests/test_detection.py::TestAIReasonGenerator::test_reasons_are_dynamic_not_identical PASSED [ 81%]
tests/test_detection.py::TestAIReasonGenerator::test_reasons_contain_actual_values PASSED [ 87%]
tests/test_detection.py::TestCleaningRecommendation::test_financial_data_recommends_quarantine PASSED [ 93%]
tests/test_detection.py::TestCleaningRecommendation::test_text_data_recommends_mask PASSED [100%]

============================= 16 passed in 15.03s =============================
